// Jest Snapshot v1, https://goo.gl/fbAQLP

exports[`LayoutBreadcrumbs tests suite matches snapshot 1`] = `
<div
  class="LayoutBreadcrumbs breadcrumbs"
>
  <router-link-stub
    ariacurrentvalue="page"
    event="click"
    tag="a"
    to="/"
  >
    <ios-home-icon-stub
      animate=""
      class="icon"
      h="16"
      rootclass=""
      title=""
      w="16"
    />
  </router-link-stub>
   
  <span
    class="separator"
  >
    /
  </span>
  
  

</div>
`;
