// Jest Snapshot v1, https://goo.gl/fbAQLP

exports[`UserCard tests suite matches snapshot 1`] = `
<router-link-stub
  ariacurrentvalue="page"
  class="UserCard user-card"
  event="click"
  tag="a"
  to="[object Object]"
>
  <img
    alt="User avatar"
    class="avatar"
    src=""
  />
   
  <h3
    class="title"
  >
     
  </h3>
   
  <p
    class="subtitle"
  >
    
  </p>
</router-link-stub>
`;
